18:18:46 **** Incremental Build of configuration Debug for project PdMPCSEFinalInt ****
make -j8 all 
arm-none-eabi-size   PdMPCSEFinalInt.elf 
   text	   data	    bss	    dec	    hex	filename
  23336	     32	   2104	  25472	   6380	PdMPCSEFinalInt.elf
Finished building: default.size.stdout
 
18:19:43 **** Incremental Build of configuration Debug for project PdMPCSEFinalInt ****
make -j8 all 
arm-none-eabi-size   PdMPCSEFinalInt.elf 
   text	   data	    bss	    dec	    hex	filename
  23336	     32	   2104	  25472	   6380	PdMPCSEFinalInt.elf
Finished building: default.size.stdout
 
