21:03:54 **** Build of configuration Debug for project PdM_Practica1 ****
make -j8 all 
arm-none-eabi-gcc "../Core/Src/main.c" -mcpu=cortex-m4 -std=gnu11 -g3 -DDEBUG -DUSE_HAL_DRIVER -DSTM32F401xE -c -I../Core/Inc -I../Drivers/STM32F4xx_HAL_Driver/Inc -I../Drivers/STM32F4xx_HAL_Driver/Inc/Legacy -I../Drivers/CMSIS/Device/ST/STM32F4xx/Include -I../Drivers/CMSIS/Include -O0 -ffunction-sections -fdata-sections -Wall -fstack-usage -fcyclomatic-complexity -MMD -MP -MF"Core/Src/main.d" -MT"Core/Src/main.o" --specs=nano.specs -mfpu=fpv4-sp-d16 -mfloat-abi=hard -mthumb -o "Core/Src/main.o"
arm-none-eabi-gcc -o "PdM_Practica1.elf" @"objects.list"   -mcpu=cortex-m4 -T"/home/martin/Desktop/MESE/PdM_Practicas/PdM_Practica1/STM32F401RETX_FLASH.ld" --specs=nosys.specs -Wl,-Map="PdM_Practica1.map" -Wl,--gc-sections -static --specs=nano.specs -mfpu=fpv4-sp-d16 -mfloat-abi=hard -mthumb -Wl,--start-group -lc -lm -Wl,--end-group
Finished building target: PdM_Practica1.elf
 
arm-none-eabi-size   PdM_Practica1.elf 
arm-none-eabi-objdump -h -S  PdM_Practica1.elf  > "PdM_Practica1.list"
   text	   data	    bss	    dec	    hex	filename
   7904	     20	   1636	   9560	   2558	PdM_Practica1.elf
Finished building: default.size.stdout
 
Finished building: PdM_Practica1.list
 

21:03:54 Build Finished. 0 errors, 0 warnings. (took 322ms)

